<html>
<body>
<pre>
<h1>µVision Build Log</h1>
<h2>Tool Versions:</h2>
IDE-Version: ¦ÌVision V5.37.0.0
Copyright (C) 2022 ARM Ltd and ARM Germany GmbH. All rights reserved.
License Information: yuan luochen
qiqi
User-based license: Keil MDK Community
Valid until: Jun 1 2033. Cached until: Sep 18 2023
 
Tool Versions:
Toolchain:       Keil MDK Community  Version: 5.37.0.0
Toolchain Path:  C:\Keil_v5\ARM\ARMCLANG\Bin
C Compiler:      ArmClang.exe V6.18
Assembler:       Armasm.exe V6.18
Linker/Locator:  ArmLink.exe V6.18
Library Manager: ArmAr.exe V6.18
Hex Converter:   FromElf.exe V6.18
CPU DLL:         SARMCM3.DLL V5.37.0.0
Dialog DLL:      DCM.DLL V1.17.5.0
Target DLL:      Segger\JL2CM3.dll V2.99.42.0
Dialog DLL:      TCM.DLL V1.56.1.0
 
<h2>Project:</h2>
C:\Users\discipline\developer_workspace\code\QIqi-standard-robot\gimbal\MDK-ARM\standard_gimbal.uvprojx
Project File Date:  09/17/2023

<h2>Output:</h2>
*** Using Compiler 'V6.18', folder: 'C:\Keil_v5\ARM\ARMCLANG\Bin'
Build target 'standard_gimbal'
compiling tim.c...
compiling gpio.c...
compiling crc.c...
compiling spi.c...
compiling rtc.c...
compiling dma.c...
compiling freertos.c...
compiling rng.c...
compiling can.c...
compiling i2c.c...
compiling adc.c...
compiling usb_device.c...
compiling usbd_desc.c...
compiling usbd_conf.c...
compiling usart.c...
compiling main.c...
compiling stm32f4xx_hal_msp.c...
compiling bsp_adc.c...
compiling bsp_can.c...
compiling bsp_delay.c...
compiling bsp_buzzer.c...
compiling bsp_crc32.c...
compiling stm32f4xx_it.c...
compiling bsp_fric.c...
compiling system_stm32f4xx.c...
compiling bsp_imu_pwm.c...
compiling bsp_led.c...
compiling bsp_laser.c...
compiling usbd_cdc_if.c...
compiling bsp_flash.c...
compiling bsp_i2c.c...
compiling bsp_rc.c...
compiling bsp_rng.c...
compiling bsp_servo_pwm.c...
compiling detect_task.c...
compiling bsp_usart.c...
compiling bsp_PWM.c...
compiling bsp_dwt.c...
compiling bsp_spi.c...
compiling chassis_power_control.c...
compiling chassis_behaviour.c...
compiling oled_task.c...
compiling chassis_task.c...
compiling remote_control.c...
compiling referee.c...
compiling referee_usart_task.c...
compiling gimbal_task.c...
compiling test_task.c...
compiling gimbal_behaviour.c...
compiling voltage_task.c...
compiling CAN_receive.c...
compiling led_flow_task.c...
compiling ist8310driver.c...
compiling OLED.c...
compiling INS_task.c...
compiling BMI088Middleware.c...
compiling shoot_task.c...
compiling BMI088driver.c...
compiling AHRS_middleware.c...
compiling user_lib.c...
compiling ist8310driver_middleware.c...
compiling vision_task.c...
compiling QuaternionEKF.c...
compiling CRC8_CRC16.c...
compiling kalman_filter.c...
compiling fifo.c...
compiling mem_mang4.c...
compiling pid.c...
compiling stm32.c...
compiling stm32f4xx_hal_pcd_ex.c...
compiling controller.c...
compiling stm32f4xx_hal_flash_ramfunc.c...
compiling stm32f4xx_hal_flash.c...
compiling stm32f4xx_hal_gpio.c...
compiling stm32f4xx_hal_rcc_ex.c...
compiling stm32f4xx_hal_flash_ex.c...
compiling stm32f4xx_hal_rcc.c...
compiling stm32f4xx_hal_pcd.c...
compiling stm32f4xx_hal_dma_ex.c...
compiling stm32f4xx_hal_pwr.c...
compiling stm32f4xx_hal_pwr_ex.c...
compiling stm32f4xx_hal_dma.c...
compiling stm32f4xx_hal_cortex.c...
compiling stm32f4xx_hal.c...
compiling stm32f4xx_hal_exti.c...
compiling stm32f4xx_ll_usb.c...
compiling stm32f4xx_hal_crc.c...
compiling stm32f4xx_hal_i2c_ex.c...
compiling stm32f4xx_hal_adc.c...
compiling stm32f4xx_hal_adc_ex.c...
compiling stm32f4xx_hal_rng.c...
compiling croutine.c...
compiling stm32f4xx_hal_can.c...
compiling list.c...
compiling event_groups.c...
compiling stm32f4xx_hal_rtc.c...
compiling stm32f4xx_hal_rtc_ex.c...
compiling stm32f4xx_hal_tim_ex.c...
compiling stream_buffer.c...
compiling port.c...
compiling heap_4.c...
compiling timers.c...
compiling stm32f4xx_hal_spi.c...
compiling stm32f4xx_hal_uart.c...
compiling usbd_core.c...
compiling queue.c...
compiling cmsis_os.c...
compiling usbd_ctlreq.c...
compiling usbd_ioreq.c...
compiling tasks.c...
compiling usbd_cdc.c...
compiling stm32f4xx_hal_tim.c...
compiling stm32f4xx_hal_i2c.c...
linking...
Program Size: Code=117924 RO-data=7476 RW-data=284 ZI-data=54916  
"standard_tpye_c\standard_gimbal_type_c.axf" - 0 Error(s), 0 Warning(s).

<h2>Software Packages used:</h2>

Package Vendor: ARM
                http://www.keil.com/pack/ARM.CMSIS.5.9.0.pack
                ARM.CMSIS.5.9.0
                CMSIS (Common Microcontroller Software Interface Standard)
   * Component: CORE Version: 5.6.0

Package Vendor: Keil
                http://www.keil.com/pack/Keil.STM32F4xx_DFP.2.16.0.pack
                Keil.STM32F4xx_DFP.2.16.0
                STMicroelectronics STM32F4 Series Device Support, Drivers and Examples

<h2>Collection of Component include folders:</h2>
  ./RTE/_standard_gimbal
  C:/Users/discipline/AppData/Local/arm/packs/ARM/CMSIS/5.9.0/CMSIS/Core/Include
  C:/Users/discipline/AppData/Local/arm/packs/Keil/STM32F4xx_DFP/2.16.0/Drivers/CMSIS/Device/ST/STM32F4xx/Include

<h2>Collection of Component Files used:</h2>

   * Component: ARM::CMSIS:CORE:5.6.0
Build Time Elapsed:  00:00:05
</pre>
</body>
</html>
