<html>
<body>
<pre>
<h1>礦ision Build Log</h1>
<h2>Tool Versions:</h2>
IDE-Version: μVision V5.32.0.0
Copyright (C) 2020 ARM Ltd and ARM Germany GmbH. All rights reserved.
License Information: sdad user, sdad, LIC=8VRJ7-ERYED-MMQ9I-T9VAR-Q96M0-SLGN4
 
Tool Versions:
Toolchain:       MDK-ARM Plus  Version: 5.32.0.0
Toolchain Path:  D:\MDK5\ARM\ARMCC\Bin
C Compiler:      Armcc.exe V5.06 update 7 (build 960)
Assembler:       Armasm.exe V5.06 update 7 (build 960)
Linker/Locator:  ArmLink.exe V5.06 update 7 (build 960)
Library Manager: ArmAr.exe V5.06 update 7 (build 960)
Hex Converter:   FromElf.exe V5.06 update 7 (build 960)
CPU DLL:         SARMCM3.DLL V5.32.0.0
Dialog DLL:      DCM.DLL V1.17.3.0
Target DLL:      CMSIS_AGDI.dll V1.32.12.0
Dialog DLL:      TCM.DLL V1.46.0.0
 
<h2>Project:</h2>
D:\桌面\程序源码\23赛季舵轮\chassis\AGV4.6\MDK-ARM\infantry_C.uvprojx
Project File Date:  06/01/2023

<h2>Output:</h2>
*** Using Compiler 'V5.06 update 7 (build 960)', folder: 'D:\MDK5\ARM\ARMCC\Bin'
Rebuild target 'infantry_C'
assembling startup_stm32f407xx.s...
compiling adc.c...
compiling freertos.c...
compiling crc.c...
compiling dma.c...
compiling can.c...
compiling gpio.c...
compiling main.c...
compiling tim.c...
compiling spi.c...
compiling usb_device.c...
compiling rtc.c...
compiling rng.c...
compiling i2c.c...
compiling usart.c...
compiling bsp_adc.c...
compiling usbd_conf.c...
compiling system_stm32f4xx.c...
compiling stm32f4xx_hal_msp.c...
compiling stm32f4xx_it.c...
compiling usbd_desc.c...
compiling usbd_cdc_if.c...
compiling bsp_buzzer.c...
compiling bsp_crc32.c...
compiling bsp_can.c...
compiling bsp_flash.c...
compiling bsp_delay.c...
compiling bsp_fric.c...
compiling bsp_imu_pwm.c...
compiling bsp_i2c.c...
compiling bsp_laser.c...
compiling calibrate_task.c...
compiling bsp_led.c...
compiling bsp_rng.c...
compiling bsp_usart.c...
compiling bsp_rc.c...
compiling bsp_spi.c...
compiling bsp_servo_pwm.c...
compiling remote_control.c...
compiling CAN_receive.c...
compiling chassis_task.c...
..\application\chassis_task.c(177): warning:  #1295-D: Deprecated declaration Rear_Brake - give arg types
  void Rear_Brake();
..\application\chassis_task.c(433): warning:  #177-D: variable "sin_yaw"  was declared but never referenced
  			  fp32 sin_yaw,cos_yaw=0.0f;	   fp32 relative_angle=0.0f;	
..\application\chassis_task.c(433): warning:  #177-D: variable "cos_yaw"  was declared but never referenced
  			  fp32 sin_yaw,cos_yaw=0.0f;	   fp32 relative_angle=0.0f;	
..\application\chassis_task.c: 3 warnings, 0 errors
compiling OLED.c...
compiling ist8310driver.c...
compiling chassis_behaviour.c...
compiling user_lib.c...
compiling INS_task.c...
compiling BMI088driver.c...
compiling mem_mang4.c...
compiling AHRS_middleware.c...
compiling fifo.c...
compiling CRC8_CRC16.c...
compiling ist8310driver_middleware.c...
compiling BMI088Middleware.c...
compiling stm32f4xx_hal_flash.c...
compiling stm32f4xx_hal_pcd.c...
compiling pid.c...
compiling stm32f4xx_hal_pcd_ex.c...
compiling stm32f4xx_hal_rcc_ex.c...
compiling stm32f4xx_hal_rcc.c...
compiling stm32f4xx_ll_usb.c...
compiling stm32f4xx_hal_flash_ex.c...
compiling stm32f4xx_hal_pwr_ex.c...
compiling stm32f4xx_hal_pwr.c...
compiling stm32f4xx_hal_dma.c...
compiling stm32f4xx_hal_flash_ramfunc.c...
compiling stm32f4xx_hal_gpio.c...
compiling stm32f4xx_hal_dma_ex.c...
compiling stm32f4xx_hal_exti.c...
compiling stm32f4xx_hal.c...
compiling stm32f4xx_hal_cortex.c...
compiling stm32f4xx_hal_crc.c...
compiling stm32f4xx_hal_adc.c...
compiling stm32f4xx_hal_can.c...
compiling stm32f4xx_hal_adc_ex.c...
compiling stm32f4xx_hal_tim.c...
compiling stm32f4xx_hal_i2c.c...
compiling stm32f4xx_hal_rng.c...
compiling croutine.c...
compiling stm32f4xx_hal_rtc_ex.c...
compiling stm32f4xx_hal_rtc.c...
compiling stm32f4xx_hal_i2c_ex.c...
compiling list.c...
compiling stm32f4xx_hal_spi.c...
compiling event_groups.c...
compiling queue.c...
compiling stream_buffer.c...
compiling timers.c...
compiling heap_4.c...
compiling tasks.c...
compiling cmsis_os.c...
compiling port.c...
compiling usbd_ioreq.c...
compiling stm32f4xx_hal_tim_ex.c...
compiling usbd_core.c...
compiling stm32.c...
compiling usbd_ctlreq.c...
compiling usbd_cdc.c...
compiling stm32f4xx_hal_uart.c...
compiling kalman.c...
linking...
Program Size: Code=87548 RO-data=2968 RW-data=692 ZI-data=49220  
FromELF: creating hex file...
"standard_tpye_c\standard_tpye_c.axf" - 0 Error(s), 3 Warning(s).

<h2>Software Packages used:</h2>

Package Vendor: ARM
                http://www.keil.com/pack/ARM.CMSIS.5.7.0.pack
                ARM.CMSIS.5.7.0
                CMSIS (Cortex Microcontroller Software Interface Standard)
   * Component: CORE Version: 5.4.0

Package Vendor: Keil
                http://www.keil.com/pack/Keil.STM32F4xx_DFP.2.16.0.pack
                Keil.STM32F4xx_DFP.2.16.0
                STMicroelectronics STM32F4 Series Device Support, Drivers and Examples

<h2>Collection of Component include folders:</h2>
  .\RTE\_infantry_C
  D:\MDK5\ARM\PACK\ARM\CMSIS\5.7.0\CMSIS\Core\Include
  D:\MDK5\ARM\PACK\Keil\STM32F4xx_DFP\2.16.0\Drivers\CMSIS\Device\ST\STM32F4xx\Include

<h2>Collection of Component Files used:</h2>

   * Component: ARM::CMSIS:CORE:5.4.0
Build Time Elapsed:  00:01:15
</pre>
</body>
</html>
